src/App.tsx(14,1): error TS6133: 'AdminDashboardPage' is declared but its value is never read.
src/App.tsx(14,36): error TS2307: Cannot find module './pages/AdminDashboard' or its corresponding type declarations.
src/components/ConsultationForm.tsx(137,11): error TS2741: Property 'group' is missing in type '{ id: string; type: "consultation_request"; name: string; phone: string; email: string; serviceNeeded: string; status: "pending"; createdAt: string; }' but required in type 'ConsultationLead'.
src/gamification/SpinAndWinModal.tsx(2,16): error TS6133: 'Phone' is declared but its value is never read.
src/gamification/SpinAndWinModal.tsx(3,1): error TS6133: 'SpinRewardType' is declared but its value is never read.
src/gamification/SpinAndWinModal.tsx(53,10): error TS6133: 'justCopied' is declared but its value is never read.
src/gamification/SpinAndWinModal.tsx(121,9): error TS6133: 'mailto' is declared but its value is never read.
src/pages/admin/Clients.tsx(3,3): error TS6133: 'Users' is declared but its value is never read.
src/pages/admin/Clients.tsx(7,3): error TS6133: 'Filter' is declared but its value is never read.
src/pages/admin/Clients.tsx(11,3): error TS6133: 'Plus' is declared but its value is never read.
src/pages/admin/Clients.tsx(16,3): error TS6133: 'AlertCircle' is declared but its value is never read.
src/pages/admin/Clients.tsx(19,3): error TS6133: 'ExternalLink' is declared but its value is never read.
src/pages/admin/Clients.tsx(22,3): error TS6133: 'ShieldCheck' is declared but its value is never read.
src/pages/admin/Clients.tsx(26,1): error TS6192: All imports in import declaration are unused.
src/pages/admin/Clients.tsx(27,1): error TS6133: 'Button' is declared but its value is never read.
src/pages/admin/Clients.tsx(40,1): error TS6133: 'buildWhatsAppLink' is declared but its value is never read.
src/pages/admin/Dashboard.tsx(19,7): error TS6133: 'PALETTE' is declared but its value is never read.
src/pages/admin/Referrals.tsx(4,3): error TS6133: 'Clock' is declared but its value is never read.
src/pages/admin/Referrals.tsx(5,3): error TS6133: 'Copy' is declared but its value is never read.
src/pages/admin/Referrals.tsx(10,3): error TS6133: 'Trash2' is declared but its value is never read.
src/pages/admin/Referrals.tsx(16,3): error TS6133: 'TrendingUp' is declared but its value is never read.
src/pages/admin/Referrals.tsx(21,1): error TS6192: All imports in import declaration are unused.
src/pages/admin/Referrals.tsx(22,1): error TS6133: 'Button' is declared but its value is never read.
src/pages/admin/Referrals.tsx(30,3): error TS6133: 'deleteReferralClient' is declared but its value is never read.
src/pages/admin/Referrals.tsx(31,3): error TS6133: 'awardPoints' is declared but its value is never read.
src/pages/admin/Referrals.tsx(32,3): error TS6133: 'findClientByCode' is declared but its value is never read.
src/pages/admin/Referrals.tsx(115,25): error TS6133: 'phone' is declared but its value is never read.
src/pages/admin/Reports.tsx(19,3): error TS6133: 'LineChart' is declared but its value is never read.
src/pages/admin/Reports.tsx(227,25): error TS2339: Property 'key' does not exist on type '{ label: string; clients: number; leads: number; total: number; }'.
src/pages/admin/Reports.tsx(261,32): error TS6133: 'i' is declared but its value is never read.
src/pages/admin/Settings.tsx(27,3): error TS6133: 'ChevronDown' is declared but its value is never read.
src/pages/admin/Settings.tsx(33,10): error TS6133: 'Card' is declared but its value is never read.
src/pages/admin/Settings.tsx(34,1): error TS6133: 'Button' is declared but its value is never read.
src/pages/admin/Settings.tsx(201,27): error TS2339: Property 'name' does not exist on type 'User'.
src/pages/admin/Settings.tsx(208,78): error TS2339: Property 'name' does not exist on type 'User'.
src/pages/admin/Settings.tsx(527,28): error TS2552: Cannot find name 'Users'. Did you mean 'user'?
src/pages/admin/Settings.tsx(816,52): error TS2339: Property 'name' does not exist on type 'User'.
src/pages/admin/Settings.tsx(882,18): error TS2552: Cannot find name 'Users'. Did you mean 'user'?
src/pages/Referrals.tsx(91,9): error TS6133: 'copyToClipboard' is declared but its value is never read.
